load_kernel_selection - Loaded interval 109 kernels from checkpoints/Diffusion/green/artifacts/data/selected_green_kernels.npz with shape (129, 129)
load_slice_selection - Selected fixed eta 0.500000 at grid index 64 for interval 109
save_outputs - Saved GreenNet evidence panel to docs/presentations/wccm_eccomas_2026/assets/greennet_evidence_interval109_eta050.*
save_outputs - Saved GreenNet evidence summary to docs/presentations/wccm_eccomas_2026/assets/greennet_evidence_interval109_eta050_summary.json
load_kernel_selection - Loaded interval 109 kernels from checkpoints/Diffusion/green/artifacts/data/selected_green_kernels.npz with shape (129, 129)
load_slice_selection - Selected fixed eta 0.500000 at grid index 64 for interval 109
save_outputs - Saved GreenNet evidence panel to docs/presentations/wccm_eccomas_2026/assets/greennet_evidence_interval109_eta050.*
save_outputs - Saved GreenNet evidence summary to docs/presentations/wccm_eccomas_2026/assets/greennet_evidence_interval109_eta050_summary.json
load_kernel_selection - Loaded interval 109 kernels from checkpoints/Diffusion/green/artifacts/data/selected_green_kernels.npz with shape (129, 129)
load_slice_selection - Selected fixed eta 0.500000 at grid index 64 for interval 109
save_outputs - Saved GreenNet evidence panel to docs/presentations/wccm_eccomas_2026/assets/greennet_evidence_interval109_eta050.*
save_outputs - Saved GreenNet evidence summary to docs/presentations/wccm_eccomas_2026/assets/greennet_evidence_interval109_eta050_summary.json
load_kernel_selection - Loaded interval 109 kernels from checkpoints/Diffusion/green/artifacts/data/selected_green_kernels.npz with shape (129, 129)
load_slice_selection - Selected fixed eta 0.500000 at grid index 64 for interval 109
save_outputs - Saved GreenNet evidence panel to docs/presentations/wccm_eccomas_2026/assets/greennet_evidence_interval109_eta050.*
save_outputs - Saved GreenNet evidence summary to docs/presentations/wccm_eccomas_2026/assets/greennet_evidence_interval109_eta050_summary.json
load_kernel_selection - Loaded interval 109 kernels from checkpoints/Diffusion/green/artifacts/data/selected_green_kernels.npz with shape (129, 129)
load_slice_selection - Selected fixed eta 0.500000 at grid index 64 for interval 109
save_outputs - Saved GreenNet evidence panel to docs/presentations/wccm_eccomas_2026/assets/greennet_evidence_interval109_eta050.*
save_outputs - Saved GreenNet evidence summary to docs/presentations/wccm_eccomas_2026/assets/greennet_evidence_interval109_eta050_summary.json
load_kernel_selection - Loaded interval 109 kernels from checkpoints/Diffusion/green/artifacts/data/selected_green_kernels.npz with shape (129, 129)
load_slice_selection - Selected fixed eta 0.500000 at grid index 64 for interval 109
save_outputs - Saved GreenNet evidence panel to docs/presentations/wccm_eccomas_2026/assets/greennet_evidence_interval109_eta050.*
save_outputs - Saved GreenNet evidence summary to docs/presentations/wccm_eccomas_2026/assets/greennet_evidence_interval109_eta050_summary.json
load_kernel_selection - Loaded interval 109 kernels from checkpoints/Diffusion/green/artifacts/data/selected_green_kernels.npz with shape (129, 129)
load_slice_selection - Selected fixed eta 0.500000 at grid index 64 for interval 109
save_outputs - Saved GreenNet evidence panel to docs/presentations/wccm_eccomas_2026/assets/greennet_evidence_interval109_eta050.*
save_outputs - Saved GreenNet evidence summary to docs/presentations/wccm_eccomas_2026/assets/greennet_evidence_interval109_eta050_summary.json
load_kernel_selection - Loaded interval 109 kernels from checkpoints/Diffusion/green/artifacts/data/selected_green_kernels.npz with shape (129, 129)
load_slice_selection - Selected fixed eta 0.500000 at grid index 64 for interval 109
save_outputs - Saved GreenNet evidence panel to docs/presentations/wccm_eccomas_2026/assets/greennet_evidence_interval109_eta050.*
save_outputs - Saved 4 separated GreenNet evidence assets.
save_outputs - Saved GreenNet evidence summary to docs/presentations/wccm_eccomas_2026/assets/greennet_evidence_interval109_eta050_summary.json
load_kernel_selection - Loaded interval 109 kernels from checkpoints/Diffusion/green/artifacts/data/selected_green_kernels.npz with shape (129, 129)
load_slice_selection - Selected fixed eta 0.500000 at grid index 64 for interval 109
save_outputs - Saved GreenNet evidence panel to docs/presentations/wccm_eccomas_2026/assets/greennet_evidence_interval109_eta050.*
save_outputs - Saved 4 separated GreenNet evidence assets.
save_outputs - Saved GreenNet evidence summary to docs/presentations/wccm_eccomas_2026/assets/greennet_evidence_interval109_eta050_summary.json
load_kernel_selection - Loaded interval 109 kernels from checkpoints/Diffusion/green/artifacts/data/selected_green_kernels.npz with shape (129, 129)
load_slice_selection - Selected fixed eta 0.500000 at grid index 64 for interval 109
save_outputs - Saved GreenNet evidence panel to docs/presentations/wccm_eccomas_2026/assets/greennet_evidence_interval109_eta050.*
save_outputs - Saved 4 separated GreenNet evidence assets.
save_outputs - Saved GreenNet evidence summary to docs/presentations/wccm_eccomas_2026/assets/greennet_evidence_interval109_eta050_summary.json
load_kernel_selection - Loaded interval 109 kernels from checkpoints/Diffusion/green/artifacts/data/selected_green_kernels.npz with shape (129, 129)
load_slice_selection - Selected fixed eta 0.500000 at grid index 64 for interval 109
save_outputs - Saved GreenNet evidence panel to docs/presentations/wccm_eccomas_2026/assets/greennet_evidence_interval109_eta050.*
save_outputs - Saved 4 separated GreenNet evidence assets.
save_outputs - Saved GreenNet evidence summary to docs/presentations/wccm_eccomas_2026/assets/greennet_evidence_interval109_eta050_summary.json
